// Jest Snapshot v1, https://goo.gl/fbAQLP

exports[`Homepage_app renders correctly 1`] = `
<h1>
  hi
</h1>
`;
