// Jest Snapshot v1, https://goo.gl/fbAQLP

exports[`Create Lunchspace renders correctly 1`] = `
<div
  className="FormSection-root-3"
>
  <div
    className="MuiCollapse-container-4 MuiCollapse-entered-5"
    style={
      Object {
        "minHeight": "0px",
      }
    }
  >
    <div
      className="MuiCollapse-wrapper-6"
    >
      <div
        className="MuiCollapse-wrapperInner-7"
      >
        <form
          onSubmit={[Function]}
        >
          <h2
            className="MuiTypography-root-8 MuiTypography-title-14"
          >
            Create Lunchspace
          </h2>
          <div
            aria-describedby={undefined}
            className="MuiFormControl-root-32 MuiFormControl-marginNormal-33 CreateLunchspace-textField-1"
            onBlur={[Function]}
            onFocus={[Function]}
          >
            <label
              className="MuiFormLabel-root-41 MuiInputLabel-root-36 MuiInputLabel-formControl-37 MuiInputLabel-animated-40"
              data-shrink={false}
              htmlFor={undefined}
            >
              Lunchspace Name
            </label>
            <div
              className="MuiInput-root-46 MuiInput-formControl-47 MuiInput-underline-50"
            >
              <input
                aria-invalid={false}
                aria-required={false}
                autoComplete="organization"
                autoFocus={true}
                className="MuiInput-input-54"
                defaultValue={undefined}
                disabled={false}
                id={undefined}
                name="lunchspace-name"
                onBlur={[Function]}
                onChange={[Function]}
                onFocus={[Function]}
                onKeyDown={undefined}
                onKeyUp={undefined}
                placeholder={undefined}
                readOnly={undefined}
                required={undefined}
                rows={undefined}
                type="text"
                value=""
              />
            </div>
          </div>
          <div
            className="MuiFormControl-root-32 CreateLunchspace-textField-1"
            onBlur={[Function]}
            onFocus={[Function]}
          >
            <label
              className="MuiFormLabel-root-41 MuiInputLabel-root-36 MuiInputLabel-formControl-37 MuiInputLabel-animated-40 MuiInputLabel-shrink-39"
              data-shrink={true}
              htmlFor="input-with-icon-adornment"
            >
              Subdomain to your Lunchspace
            </label>
            <div
              className="MuiInput-root-46 MuiInput-formControl-47 MuiInput-underline-50"
            >
              <input
                aria-invalid={false}
                aria-required={false}
                autoComplete="off"
                autoFocus={undefined}
                className="MuiInput-input-54"
                defaultValue={undefined}
                disabled={false}
                id={undefined}
                name="subdomain"
                onBlur={[Function]}
                onChange={[Function]}
                onFocus={[Function]}
                onKeyDown={undefined}
                onKeyUp={undefined}
                placeholder="your-space-url"
                readOnly={undefined}
                required={undefined}
                rows={undefined}
                type="text"
                value=""
              />
              <div
                className="MuiInputAdornment-root-59 MuiInputAdornment-positionEnd-61"
              >
                <p
                  className="MuiTypography-root-8 MuiTypography-body1-17 MuiTypography-colorTextSecondary-30"
                >
                  .lunchspace.de
                </p>
              </div>
            </div>
            <p
              className="MuiFormHelperText-root-62"
              id="name-error-text"
            />
          </div>
          <div
            className="MuiCollapse-container-4"
            style={
              Object {
                "minHeight": "0px",
              }
            }
          >
            <div
              className="MuiCollapse-wrapper-6"
            >
              <div
                className="MuiCollapse-wrapperInner-7"
              >
                <p
                  className="MuiTypography-root-8 MuiTypography-body1-17 MuiTypography-colorError-31"
                />
              </div>
            </div>
          </div>
          <div
            className="CreateLunchspace-actionsContainer-2"
          >
            <button
              className="MuiButtonBase-root-88 MuiButton-root-66 MuiButton-contained-75 MuiButton-containedPrimary-76 MuiButton-raised-78 MuiButton-raisedPrimary-79 MuiButton-sizeLarge-86"
              disabled={false}
              onBlur={[Function]}
              onFocus={[Function]}
              onKeyDown={[Function]}
              onKeyUp={[Function]}
              onMouseDown={[Function]}
              onMouseLeave={[Function]}
              onMouseUp={[Function]}
              onTouchEnd={[Function]}
              onTouchMove={[Function]}
              onTouchStart={[Function]}
              tabIndex="0"
              type="submit"
            >
              <span
                className="MuiButton-label-67"
              >
                Create Lunchspace
              </span>
              <span
                className="MuiTouchRipple-root-91"
              />
            </button>
          </div>
        </form>
      </div>
    </div>
  </div>
  <div
    className="MuiCollapse-container-4"
    style={
      Object {
        "minHeight": "0px",
      }
    }
  >
    <div
      className="MuiCollapse-wrapper-6"
    >
      <div
        className="MuiCollapse-wrapperInner-7"
      >
        <span>
          Lunchspace 
        </span>
        <a
          href="//.lunchspace.de"
        >
          
        </a>
        <span>
           successful created.
        </span>
      </div>
    </div>
  </div>
</div>
`;
